
> quranwbw.com@4 build
> vite build

[dotenv@17.2.4] injecting env (0) from .env -- tip: ⚙️  load multiple .env files with { path: ['.env.local', '.env'] }
[36mvite v5.4.21 [32mbuilding SSR bundle for production...[36m[39m
transforming...
Browserslist: browsers data (caniuse-lite) is 7 months old. Please run:
  npx update-browserslist-db@latest
  Why you should do it regularly: https://github.com/browserslist/update-db#readme

[1m[33mwarn[39m[22m - As of Tailwind CSS v2.2, `lightBlue` has been renamed to `sky`.
[1m[33mwarn[39m[22m - Update your configuration file to silence this warning.

[1m[33mwarn[39m[22m - As of Tailwind CSS v3.0, `warmGray` has been renamed to `stone`.
[1m[33mwarn[39m[22m - Update your configuration file to silence this warning.

[1m[33mwarn[39m[22m - As of Tailwind CSS v3.0, `trueGray` has been renamed to `neutral`.
[1m[33mwarn[39m[22m - Update your configuration file to silence this warning.

[1m[33mwarn[39m[22m - As of Tailwind CSS v3.0, `coolGray` has been renamed to `gray`.
[1m[33mwarn[39m[22m - Update your configuration file to silence this warning.

[1m[33mwarn[39m[22m - As of Tailwind CSS v3.0, `blueGray` has been renamed to `slate`.
[1m[33mwarn[39m[22m - Update your configuration file to silence this warning.
node_modules/@sveltejs/kit/src/runtime/client/client.js (6:23): "untrack" is not exported by "node_modules/svelte/src/runtime/ssr.js", imported by "node_modules/@sveltejs/kit/src/runtime/client/client.js".
node_modules/@sveltejs/kit/src/runtime/client/client.js (336:26): "fork" is not exported by "node_modules/svelte/src/runtime/ssr.js", imported by "node_modules/@sveltejs/kit/src/runtime/client/client.js".
node_modules/@sveltejs/kit/src/runtime/client/client.js (1243:30): "settled" is not exported by "node_modules/svelte/src/runtime/ssr.js", imported by "node_modules/@sveltejs/kit/src/runtime/client/client.js".
[32m✓[39m 325 modules transformed.
rendering chunks...
[33mwarnings when minifying css:
▲ [WARNING] Expected identifier but found "-" [css-syntax-error]

    <stdin>:2418:2:
      2418 │   -: .#;
           ╵   ^

[39m
[dotenv@17.2.4] injecting env (0) from .env -- tip: 🗂️ backup and recover secrets: https://dotenvx.com/ops
[36mvite v5.4.21 [32mbuilding for production...[36m[39m
transforming...
node_modules/@sveltejs/kit/src/runtime/client/client.js (5:23): "untrack" is not exported by "node_modules/svelte/src/runtime/index.js", imported by "node_modules/@sveltejs/kit/src/runtime/client/client.js".
node_modules/@sveltejs/kit/src/runtime/client/client.js (335:26): "fork" is not exported by "node_modules/svelte/src/runtime/index.js", imported by "node_modules/@sveltejs/kit/src/runtime/client/client.js".
node_modules/@sveltejs/kit/src/runtime/client/client.js (1242:30): "settled" is not exported by "node_modules/svelte/src/runtime/index.js", imported by "node_modules/@sveltejs/kit/src/runtime/client/client.js".
[32m✓[39m 335 modules transformed.
[33mwarnings when minifying css:
▲ [WARNING] Expected identifier but found "-" [css-syntax-error]

    <stdin>:2418:2:
      2418 │   -: .#;
           ╵   ^

[39m
rendering chunks...
computing gzip size...
[2m.svelte-kit/output/client/[22m[32m_app/version.json                          [39m[1m[2m    0.03 kB[22m[1m[22m[2m │ gzip:   0.05 kB[22m
[2m.svelte-kit/output/client/[22m[32m.vite/manifest.json                        [39m[1m[2m    0.30 kB[22m[1m[22m[2m │ gzip:   0.19 kB[22m
[2m.svelte-kit/output/client/[22m[35m_app/immutable/assets/bundle.aN79jA29.css  [39m[1m[2m   98.90 kB[22m[1m[22m[2m │ gzip:  14.69 kB[22m
[2m.svelte-kit/output/client/[22m[36m_app/immutable/bundle.CCVMHF9l.js          [39m[1m[33m1,047.29 kB[39m[22m[2m │ gzip: 319.21 kB[22m
[33m
(!) Some chunks are larger than 500 kB after minification. Consider:
- Using dynamic import() to code-split the application
- Use build.rollupOptions.output.manualChunks to improve chunking: https://rollupjs.org/configuration-options/#output-manualchunks
- Adjust chunk size limit for this warning via build.chunkSizeWarningLimit.[39m
[32m✓ built in 6.62s[39m
[36mvite v5.4.21 [32mbuilding for production...[36m[39m
transforming...
[32m✓[39m 2 modules transformed.
rendering chunks...
computing gzip size...
[2m.svelte-kit/output/client/[22m[36mservice-worker.mjs  [39m[1m[2m6.05 kB[22m[1m[22m[2m │ gzip: 2.18 kB[22m
[32m✓ built in 16ms[39m
[2m.svelte-kit/output/server/[22m[32m.vite/manifest.json                                 [39m[1m[2m 21.57 kB[22m[1m[22m
[2m.svelte-kit/output/server/[22m[35m_app/immutable/assets/_page.DTbUihPj.css            [39m[1m[2m  5.92 kB[22m[1m[22m
[2m.svelte-kit/output/server/[22m[35m_app/immutable/assets/_layout.r884S_xc.css          [39m[1m[2m 92.53 kB[22m[1m[22m
[2m.svelte-kit/output/server/[22m[36mchunks/index2.js                                    [39m[1m[2m  0.02 kB[22m[1m[22m
[2m.svelte-kit/output/server/[22m[36mentries/pages/_layout.js                            [39m[1m[2m  0.08 kB[22m[1m[22m
[2m.svelte-kit/output/server/[22m[36mchunks/ssr2.js                                      [39m[1m[2m  0.10 kB[22m[1m[22m
[2m.svelte-kit/output/server/[22m[36mentries/pages/_chapter_/_verse_/_page.js            [39m[1m[2m  0.11 kB[22m[1m[22m
[2m.svelte-kit/output/server/[22m[36mchunks/environment.js                               [39m[1m[2m  0.19 kB[22m[1m[22m
[2m.svelte-kit/output/server/[22m[36mentries/pages/games/_page.js                        [39m[1m[2m  0.27 kB[22m[1m[22m
[2m.svelte-kit/output/server/[22m[36mchunks/client.js                                    [39m[1m[2m  0.29 kB[22m[1m[22m
[2m.svelte-kit/output/server/[22m[36mentries/pages/juz/_juz_/_page.js                    [39m[1m[2m  0.31 kB[22m[1m[22m
[2m.svelte-kit/output/server/[22m[36mentries/pages/hizb/_hizb_/_page.js                  [39m[1m[2m  0.32 kB[22m[1m[22m
[2m.svelte-kit/output/server/[22m[36mentries/pages/duas/_page.svelte.js                  [39m[1m[2m  0.37 kB[22m[1m[22m
[2m.svelte-kit/output/server/[22m[36mentries/pages/supplications/_page.svelte.js         [39m[1m[2m  0.37 kB[22m[1m[22m
[2m.svelte-kit/output/server/[22m[36minternal.js                                         [39m[1m[2m  0.38 kB[22m[1m[22m
[2m.svelte-kit/output/server/[22m[36mchunks/state.svelte.js                              [39m[1m[2m  0.42 kB[22m[1m[22m
[2m.svelte-kit/output/server/[22m[36mentries/pages/morphology/_word_/_page.js            [39m[1m[2m  0.44 kB[22m[1m[22m
[2m.svelte-kit/output/server/[22m[36mchunks/server.js                                    [39m[1m[2m  0.45 kB[22m[1m[22m
[2m.svelte-kit/output/server/[22m[36mentries/pages/page/_page_/_page.js                  [39m[1m[2m  0.46 kB[22m[1m[22m
[2m.svelte-kit/output/server/[22m[36mentries/pages/juz/_page.js                          [39m[1m[2m  0.50 kB[22m[1m[22m
[2m.svelte-kit/output/server/[22m[36mentries/pages/hizb/_page.js                         [39m[1m[2m  0.50 kB[22m[1m[22m
[2m.svelte-kit/output/server/[22m[36mentries/pages/page/_page.js                         [39m[1m[2m  0.50 kB[22m[1m[22m
[2m.svelte-kit/output/server/[22m[36mentries/fallbacks/error.svelte.js                   [39m[1m[2m  0.51 kB[22m[1m[22m
[2m.svelte-kit/output/server/[22m[36mentries/pages/icon/_page.svelte.js                  [39m[1m[2m  0.60 kB[22m[1m[22m
[2m.svelte-kit/output/server/[22m[36mentries/pages/morphology/_page.js                   [39m[1m[2m  0.62 kB[22m[1m[22m
[2m.svelte-kit/output/server/[22m[36mchunks/Search2.js                                   [39m[1m[2m  0.62 kB[22m[1m[22m
[2m.svelte-kit/output/server/[22m[36mchunks/stores2.js                                   [39m[1m[2m  0.69 kB[22m[1m[22m
[2m.svelte-kit/output/server/[22m[36mchunks/PageHead.js                                  [39m[1m[2m  0.76 kB[22m[1m[22m
[2m.svelte-kit/output/server/[22m[36mentries/pages/_chapter_/_page.svelte.js             [39m[1m[2m  0.81 kB[22m[1m[22m
[2m.svelte-kit/output/server/[22m[36mentries/pages/_chapter_/_verse_/_page.svelte.js     [39m[1m[2m  0.82 kB[22m[1m[22m
[2m.svelte-kit/output/server/[22m[36mchunks/Trash.js                                     [39m[1m[2m  0.87 kB[22m[1m[22m
[2m.svelte-kit/output/server/[22m[36mchunks/Supplications.js                             [39m[1m[2m  0.89 kB[22m[1m[22m
[2m.svelte-kit/output/server/[22m[36mchunks/Notes.js                                     [39m[1m[2m  1.03 kB[22m[1m[22m
[2m.svelte-kit/output/server/[22m[36mchunks/utils.js                                     [39m[1m[2m  1.15 kB[22m[1m[22m
[2m.svelte-kit/output/server/[22m[36mchunks/commonClasses.js                             [39m[1m[2m  1.28 kB[22m[1m[22m
[2m.svelte-kit/output/server/[22m[36mchunks/index.js                                     [39m[1m[2m  1.34 kB[22m[1m[22m
[2m.svelte-kit/output/server/[22m[36mentries/pages/morphology/_page.svelte.js            [39m[1m[2m  1.37 kB[22m[1m[22m
[2m.svelte-kit/output/server/[22m[36mchunks/ChapterHeader.js                             [39m[1m[2m  1.41 kB[22m[1m[22m
[2m.svelte-kit/output/server/[22m[36mentries/pages/_chapter_/_error.svelte.js            [39m[1m[2m  1.43 kB[22m[1m[22m
[2m.svelte-kit/output/server/[22m[36mentries/pages/morphology/_error.svelte.js           [39m[1m[2m  1.43 kB[22m[1m[22m
[2m.svelte-kit/output/server/[22m[36mchunks/DotsHorizontal.js                            [39m[1m[2m  1.45 kB[22m[1m[22m
[2m.svelte-kit/output/server/[22m[36mchunks/utils2.js                                    [39m[1m[2m  1.46 kB[22m[1m[22m
[2m.svelte-kit/output/server/[22m[36mchunks/getSegmentKeys.js                            [39m[1m[2m  1.65 kB[22m[1m[22m
[2m.svelte-kit/output/server/[22m[36mentries/pages/bookmarks/_page.svelte.js             [39m[1m[2m  1.94 kB[22m[1m[22m
[2m.svelte-kit/output/server/[22m[36mentries/pages/_chapter_/_page.js                    [39m[1m[2m  2.11 kB[22m[1m[22m
[2m.svelte-kit/output/server/[22m[36mchunks/exports.js                                   [39m[1m[2m  2.39 kB[22m[1m[22m
[2m.svelte-kit/output/server/[22m[36mentries/pages/topics/_page.svelte.js                [39m[1m[2m  2.44 kB[22m[1m[22m
[2m.svelte-kit/output/server/[22m[36mchunks/getMushafWordFontLink.js                     [39m[1m[2m  2.56 kB[22m[1m[22m
[2m.svelte-kit/output/server/[22m[36mchunks/Spinner.js                                   [39m[1m[2m  2.65 kB[22m[1m[22m
[2m.svelte-kit/output/server/[22m[36mchunks/Madinah.js                                   [39m[1m[2m  2.71 kB[22m[1m[22m
[2m.svelte-kit/output/server/[22m[36mchunks/websiteSettings.js                           [39m[1m[2m  2.86 kB[22m[1m[22m
[2m.svelte-kit/output/server/[22m[36mchunks/stores.js                                    [39m[1m[2m  3.09 kB[22m[1m[22m
[2m.svelte-kit/output/server/[22m[36mchunks/url.js                                       [39m[1m[2m  3.16 kB[22m[1m[22m
[2m.svelte-kit/output/server/[22m[36mentries/pages/juz/_page.svelte.js                   [39m[1m[2m  3.21 kB[22m[1m[22m
[2m.svelte-kit/output/server/[22m[36mentries/pages/hizb/_page.svelte.js                  [39m[1m[2m  3.22 kB[22m[1m[22m
[2m.svelte-kit/output/server/[22m[36mchunks/offlineModeHandler.js                        [39m[1m[2m  3.45 kB[22m[1m[22m
[2m.svelte-kit/output/server/[22m[36mchunks/Radio.js                                     [39m[1m[2m  3.83 kB[22m[1m[22m
[2m.svelte-kit/output/server/[22m[36mentries/pages/faq/_page.svelte.js                   [39m[1m[2m  4.50 kB[22m[1m[22m
[2m.svelte-kit/output/server/[22m[36mchunks/MorphologyView.js                            [39m[1m[2m  4.77 kB[22m[1m[22m
[2m.svelte-kit/output/server/[22m[36mchunks/validateKey.js                               [39m[1m[2m  5.00 kB[22m[1m[22m
[2m.svelte-kit/output/server/[22m[36mentries/pages/games/guess-the-word/_page.svelte.js  [39m[1m[2m  5.31 kB[22m[1m[22m
[2m.svelte-kit/output/server/[22m[36mchunks/Refresh.js                                   [39m[1m[2m  6.04 kB[22m[1m[22m
[2m.svelte-kit/output/server/[22m[36mentries/pages/search/_page.svelte.js                [39m[1m[2m  7.13 kB[22m[1m[22m
[2m.svelte-kit/output/server/[22m[36mchunks/ssr.js                                       [39m[1m[2m  7.38 kB[22m[1m[22m
[2m.svelte-kit/output/server/[22m[36mchunks/chapterLocalization.js                       [39m[1m[2m  7.94 kB[22m[1m[22m
[2m.svelte-kit/output/server/[22m[36mchunks/Morphology.js                                [39m[1m[2m  8.03 kB[22m[1m[22m
[2m.svelte-kit/output/server/[22m[36mchunks/audioController.js                           [39m[1m[2m  8.72 kB[22m[1m[22m
[2m.svelte-kit/output/server/[22m[36mentries/pages/about/_page.svelte.js                 [39m[1m[2m  9.15 kB[22m[1m[22m
[2m.svelte-kit/output/server/[22m[36mchunks/FullVersesDisplay.js                         [39m[1m[2m  9.30 kB[22m[1m[22m
[2m.svelte-kit/output/server/[22m[36mchunks/BookmarkFilled.js                            [39m[1m[2m 11.55 kB[22m[1m[22m
[2m.svelte-kit/output/server/[22m[36mchunks/Chapter.js                                   [39m[1m[2m 12.43 kB[22m[1m[22m
[2m.svelte-kit/output/server/[22m[36mentries/pages/page/_page.svelte.js                  [39m[1m[2m 13.59 kB[22m[1m[22m
[2m.svelte-kit/output/server/[22m[36mentries/pages/changelog/_page.svelte.js             [39m[1m[2m 14.07 kB[22m[1m[22m
[2m.svelte-kit/output/server/[22m[36mchunks/internal.js                                  [39m[1m[2m 15.93 kB[22m[1m[22m
[2m.svelte-kit/output/server/[22m[36mchunks/VerseTranslations.js                         [39m[1m[2m 17.02 kB[22m[1m[22m
[2m.svelte-kit/output/server/[22m[36mchunks/Quran.js                                     [39m[1m[2m 17.04 kB[22m[1m[22m
[2m.svelte-kit/output/server/[22m[36mchunks/TranslationTransliteration.js                [39m[1m[2m 18.32 kB[22m[1m[22m
[2m.svelte-kit/output/server/[22m[36mchunks/terminologies.js                             [39m[1m[2m 18.62 kB[22m[1m[22m
[2m.svelte-kit/output/server/[22m[36mremote-entry.js                                     [39m[1m[2m 19.02 kB[22m[1m[22m
[2m.svelte-kit/output/server/[22m[36mchunks/shared.js                                    [39m[1m[2m 27.10 kB[22m[1m[22m
[2m.svelte-kit/output/server/[22m[36mentries/pages/offline/_page.svelte.js               [39m[1m[2m 28.77 kB[22m[1m[22m
[2m.svelte-kit/output/server/[22m[36mchunks/Bismillah.js                                 [39m[1m[2m 31.11 kB[22m[1m[22m
[2m.svelte-kit/output/server/[22m[36mchunks/fetchData.js                                 [39m[1m[2m 60.12 kB[22m[1m[22m
[2m.svelte-kit/output/server/[22m[36mentries/pages/_page.svelte.js                       [39m[1m[2m 86.20 kB[22m[1m[22m
[2m.svelte-kit/output/server/[22m[36mindex.js                                            [39m[1m[2m125.74 kB[22m[1m[22m
[2m.svelte-kit/output/server/[22m[36mentries/pages/_layout.svelte.js                     [39m[1m[2m206.92 kB[22m[1m[22m
[32m✓ built in 11.92s[39m

Run npm run preview to preview your production build locally.

> Using @sveltejs/adapter-static
Overwriting build/index.html with fallback page. Consider using a different name for the fallback.
  Wrote site to "build"
  ✔ done
