
> quranwbw.com@4 audit:footnotes
> node scripts/audit-footnotes.mjs --translation=33 --show-problems=500 --output=footnote-audit-33.json


Translation 33
================================================
Verses scanned                   : 6236
Verses with footnotes            : 825
Footnote markers                 : 930
Footnote markers #2+             : 105
Resolved                         : 929
Resolved #2+                     : 104
Composite recovered              : 103
Composite recovered #2+          : 103
Recovered from legacy lookup     : 103
Recovered #2+ from legacy lookup : 103
Ambiguous composite verses       : 1
Missing                          : 0
Missing #2+                      : 0
Empty                            : 1
Empty #2+                        : 1

Unresolved footnotes (showing 1 of 1)
----------------------------------------------------------------------------------------------------
35:10     footnote #2   id=2          ambiguous-composite   source=array(2)

JSON report written to footnote-audit-33.json
